\BOOKMARK [0][-]{chapter*.4}{\376\377\000I\000N\000T\000R\000O\000D\000U\000C\000C\000I\000\323\000N}{}% 1
\BOOKMARK [0][-]{chapter.1}{\376\377\000A\000N\000T\000E\000C\000E\000D\000E\000N\000T\000E\000S\000\040\000D\000E\000\040\000L\000A\000\040\000I\000N\000V\000E\000S\000T\000I\000G\000A\000C\000I\000\323\000N}{}% 2
\BOOKMARK [1][-]{section.1.1}{\376\377\000A\000n\000t\000e\000c\000e\000d\000e\000n\000t\000e\000s}{chapter.1}% 3
\BOOKMARK [1][-]{section.1.2}{\376\377\000D\000e\000f\000i\000n\000i\000c\000i\000\363\000n\000\040\000d\000e\000l\000\040\000L\000e\000n\000g\000u\000a\000j\000e\000\040\000T\000P\000P}{chapter.1}% 4
\BOOKMARK [2][-]{subsection.1.2.1}{\376\377\000O\000b\000j\000e\000t\000i\000v\000o\000s\000\040\000d\000e\000l\000\040\000L\000e\000n\000g\000u\000a\000j\000e}{section.1.2}% 5
\BOOKMARK [2][-]{subsection.1.2.2}{\376\377\000C\000a\000r\000a\000c\000t\000e\000r\000\355\000s\000t\000i\000c\000a\000s\000\040\000S\000i\000n\000t\000\341\000c\000t\000i\000c\000a\000s}{section.1.2}% 6
\BOOKMARK [2][-]{subsection.1.2.3}{\376\377\000R\000e\000s\000t\000r\000i\000c\000c\000i\000o\000n\000e\000s\000\040\000d\000e\000l\000\040\000L\000e\000n\000g\000u\000a\000j\000e}{section.1.2}% 7
\BOOKMARK [1][-]{section.1.3}{\376\377\000E\000s\000p\000e\000c\000i\000f\000i\000c\000a\000c\000i\000\363\000n\000\040\000L\000\351\000x\000i\000c\000a}{chapter.1}% 8
\BOOKMARK [2][-]{subsection.1.3.1}{\376\377\000P\000a\000l\000a\000b\000r\000a\000s\000\040\000R\000e\000s\000e\000r\000v\000a\000d\000a\000s}{section.1.3}% 9
\BOOKMARK [2][-]{subsection.1.3.2}{\376\377\000C\000l\000a\000s\000e\000s\000\040\000d\000e\000\040\000T\000o\000k\000e\000n\000s}{section.1.3}% 10
\BOOKMARK [1][-]{section.1.4}{\376\377\000E\000x\000p\000r\000e\000s\000i\000o\000n\000e\000s\000\040\000R\000e\000g\000u\000l\000a\000r\000e\000s\000\040\000y\000\040\000A\000u\000t\000\363\000m\000a\000t\000a\000s\000\040\000F\000i\000n\000i\000t\000o\000s}{chapter.1}% 11
\BOOKMARK [1][-]{section.1.5}{\376\377\000D\000i\000s\000e\000\361\000o\000\040\000d\000e\000\040\000l\000a\000\040\000G\000r\000a\000m\000\341\000t\000i\000c\000a\000\040\000\050\000B\000N\000F\000\051}{chapter.1}% 12
\BOOKMARK [2][-]{subsection.1.5.1}{\376\377\000E\000l\000i\000m\000i\000n\000a\000c\000i\000\363\000n\000\040\000d\000e\000\040\000A\000m\000b\000i\000g\000\374\000e\000d\000a\000d}{section.1.5}% 13
\BOOKMARK [1][-]{section.1.6}{\376\377\000R\000\372\000b\000r\000i\000c\000a\000\040\000d\000e\000\040\000E\000v\000a\000l\000u\000a\000c\000i\000\363\000n}{chapter.1}% 14
\BOOKMARK [1][-]{section.1.7}{\376\377\000O\000b\000j\000e\000t\000i\000v\000o\000s}{chapter.1}% 15
\BOOKMARK [2][-]{subsection.1.7.1}{\376\377\000O\000b\000j\000e\000t\000i\000v\000o\000\040\000G\000e\000n\000e\000r\000a\000l}{section.1.7}% 16
\BOOKMARK [2][-]{subsection.1.7.2}{\376\377\000O\000b\000j\000e\000t\000i\000v\000o\000s\000\040\000E\000s\000p\000e\000c\000\355\000f\000i\000c\000o\000s}{section.1.7}% 17
\BOOKMARK [0][-]{chapter.2}{\376\377\000I\000n\000t\000r\000o\000d\000u\000c\000c\000i\000\363\000n\000\040\000a\000l\000\040\000C\000o\000m\000p\000i\000l\000a\000d\000o\000r\000\040\000T\000P\000P}{}% 18
\BOOKMARK [1][-]{section.2.1}{\376\377\000D\000e\000s\000c\000r\000i\000p\000c\000i\000\363\000n\000\040\000G\000e\000n\000e\000r\000a\000l}{chapter.2}% 19
\BOOKMARK [1][-]{section.2.2}{\376\377\000A\000r\000q\000u\000i\000t\000e\000c\000t\000u\000r\000a\000\040\000G\000e\000n\000e\000r\000a\000l\000\040\000d\000e\000l\000\040\000C\000o\000m\000p\000i\000l\000a\000d\000o\000r}{chapter.2}% 20
\BOOKMARK [1][-]{section.2.3}{\376\377\000C\000a\000r\000a\000c\000t\000e\000r\000\355\000s\000t\000i\000c\000a\000s\000\040\000d\000e\000l\000\040\000L\000e\000n\000g\000u\000a\000j\000e\000\040\000T\000P\000P}{chapter.2}% 21
\BOOKMARK [1][-]{section.2.4}{\376\377\000A\000r\000q\000u\000i\000t\000e\000c\000t\000u\000r\000a\000\040\000O\000b\000j\000e\000t\000i\000v\000o\000:\000\040\000R\000I\000S\000C\000-\000V\000\040\000R\000V\0003\0002\000I}{chapter.2}% 22
\BOOKMARK [1][-]{section.2.5}{\376\377\000E\000s\000t\000r\000u\000c\000t\000u\000r\000a\000\040\000d\000e\000\040\000A\000r\000c\000h\000i\000v\000o\000s\000\040\000d\000e\000l\000\040\000P\000r\000o\000y\000e\000c\000t\000o}{chapter.2}% 23
\BOOKMARK [0][-]{chapter.3}{\376\377\000F\000R\000O\000N\000T\000E\000N\000D\000\040\040\024\000\040\000A\000n\000\341\000l\000i\000s\000i\000s\000\040\000L\000\351\000x\000i\000c\000o}{}% 24
\BOOKMARK [1][-]{section.3.1}{\376\377\000F\000u\000n\000d\000a\000m\000e\000n\000t\000o\000s\000\040\000T\000e\000\363\000r\000i\000c\000o\000s}{chapter.3}% 25
\BOOKMARK [1][-]{section.3.2}{\376\377\000I\000m\000p\000l\000e\000m\000e\000n\000t\000a\000c\000i\000\363\000n\000\040\000c\000o\000n\000\040\000F\000l\000e\000x\000:\000\040\000l\000e\000x\000e\000r\000.\000l}{chapter.3}% 26
\BOOKMARK [2][-]{subsection.3.2.1}{\376\377\000C\000o\000n\000f\000i\000g\000u\000r\000a\000c\000i\000\363\000n\000\040\000y\000\040\000E\000x\000p\000r\000e\000s\000i\000o\000n\000e\000s\000\040\000R\000e\000g\000u\000l\000a\000r\000e\000s\000\040\000B\000a\000s\000e}{section.3.2}% 27
\BOOKMARK [2][-]{subsection.3.2.2}{\376\377\000R\000e\000g\000l\000a\000s\000\040\000d\000e\000\040\000P\000r\000o\000d\000u\000c\000c\000i\000\363\000n\000\040\000L\000\351\000x\000i\000c\000a}{section.3.2}% 28
\BOOKMARK [2][-]{subsection.3.2.3}{\376\377\000T\000a\000b\000l\000a\000\040\000C\000o\000m\000p\000l\000e\000t\000a\000\040\000d\000e\000\040\000T\000o\000k\000e\000n\000s}{section.3.2}% 29
\BOOKMARK [1][-]{section.3.3}{\376\377\000D\000e\000t\000e\000c\000c\000i\000\363\000n\000\040\000y\000\040\000M\000a\000n\000e\000j\000o\000\040\000d\000e\000\040\000E\000r\000r\000o\000r\000e\000s\000\040\000L\000\351\000x\000i\000c\000o\000s}{chapter.3}% 30
\BOOKMARK [0][-]{chapter.4}{\376\377\000F\000R\000O\000N\000T\000E\000N\000D\000\040\040\024\000\040\000A\000n\000\341\000l\000i\000s\000i\000s\000\040\000S\000i\000n\000t\000\341\000c\000t\000i\000c\000o}{}% 31
\BOOKMARK [1][-]{section.4.1}{\376\377\000F\000u\000n\000d\000a\000m\000e\000n\000t\000o\000s\000\040\000T\000e\000\363\000r\000i\000c\000o\000s}{chapter.4}% 32
\BOOKMARK [1][-]{section.4.2}{\376\377\000I\000m\000p\000l\000e\000m\000e\000n\000t\000a\000c\000i\000\363\000n\000\040\000c\000o\000n\000\040\000B\000i\000s\000o\000n\000:\000\040\000p\000a\000r\000s\000e\000r\000.\000y}{chapter.4}% 33
\BOOKMARK [2][-]{subsection.4.2.1}{\376\377\000F\000u\000n\000c\000i\000o\000n\000a\000m\000i\000e\000n\000t\000o\000\040\000I\000n\000t\000e\000r\000n\000o\000\040\000\050\000S\000h\000i\000f\000t\000/\000R\000e\000d\000u\000c\000e\000\051}{section.4.2}% 34
\BOOKMARK [2][-]{subsection.4.2.2}{\376\377\000G\000r\000a\000m\000\341\000t\000i\000c\000a\000\040\000d\000e\000l\000\040\000L\000e\000n\000g\000u\000a\000j\000e\000\040\000T\000P\000P}{section.4.2}% 35
\BOOKMARK [2][-]{subsection.4.2.3}{\376\377\000R\000e\000s\000o\000l\000u\000c\000i\000\363\000n\000\040\000d\000e\000\040\000A\000m\000b\000i\000g\000\374\000e\000d\000a\000d\000e\000s}{section.4.2}% 36
\BOOKMARK [1][-]{section.4.3}{\376\377\000E\000s\000t\000r\000u\000c\000t\000u\000r\000a\000s\000\040\000S\000i\000n\000t\000\341\000c\000t\000i\000c\000a\000s\000\040\000S\000o\000p\000o\000r\000t\000a\000d\000a\000s}{chapter.4}% 37
\BOOKMARK [2][-]{subsection.4.3.1}{\376\377\000D\000e\000c\000l\000a\000r\000a\000c\000i\000o\000n\000e\000s\000\040\000d\000e\000\040\000V\000a\000r\000i\000a\000b\000l\000e\000s}{section.4.3}% 38
\BOOKMARK [2][-]{subsection.4.3.2}{\376\377\000D\000e\000c\000l\000a\000r\000a\000c\000i\000o\000n\000e\000s\000\040\000d\000e\000\040\000F\000u\000n\000c\000i\000o\000n\000e\000s}{section.4.3}% 39
\BOOKMARK [2][-]{subsection.4.3.3}{\376\377\000E\000s\000t\000r\000u\000c\000t\000u\000r\000a\000s\000\040\000d\000e\000\040\000C\000o\000n\000t\000r\000o\000l}{section.4.3}% 40
\BOOKMARK [1][-]{section.4.4}{\376\377\000M\000a\000n\000e\000j\000o\000\040\000d\000e\000\040\000E\000r\000r\000o\000r\000e\000s\000\040\000S\000i\000n\000t\000\341\000c\000t\000i\000c\000o\000s}{chapter.4}% 41
\BOOKMARK [1][-]{section.4.5}{\376\377\000O\000r\000q\000u\000e\000s\000t\000a\000c\000i\000\363\000n\000\040\000d\000e\000l\000\040\000P\000i\000p\000e\000l\000i\000n\000e}{chapter.4}% 42
\BOOKMARK [0][-]{chapter.5}{\376\377\000F\000R\000O\000N\000T\000E\000N\000D\000\040\040\024\000\040\000A\000n\000\341\000l\000i\000s\000i\000s\000\040\000S\000e\000m\000\341\000n\000t\000i\000c\000o\000\040\000y\000\040\000T\000a\000b\000l\000a\000\040\000d\000e\000\040\000S\000\355\000m\000b\000o\000l\000o\000s}{}% 43
\BOOKMARK [1][-]{section.5.1}{\376\377\000F\000u\000n\000d\000a\000m\000e\000n\000t\000o\000s\000\040\000T\000e\000\363\000r\000i\000c\000o\000s}{chapter.5}% 44
\BOOKMARK [1][-]{section.5.2}{\376\377\000T\000a\000b\000l\000a\000\040\000d\000e\000\040\000S\000\355\000m\000b\000o\000l\000o\000s\000:\000\040\000s\000y\000m\000t\000a\000b\000.\000c}{chapter.5}% 45
\BOOKMARK [2][-]{subsection.5.2.1}{\376\377\000E\000s\000t\000r\000u\000c\000t\000u\000r\000a\000\040\000d\000e\000l\000\040\000S\000\355\000m\000b\000o\000l\000o}{section.5.2}% 46
\BOOKMARK [2][-]{subsection.5.2.2}{\376\377\000G\000e\000s\000t\000i\000\363\000n\000\040\000d\000e\000\040\000M\000e\000m\000o\000r\000i\000a}{section.5.2}% 47
\BOOKMARK [2][-]{subsection.5.2.3}{\376\377\000S\000c\000o\000p\000i\000n\000g\000\040\000y\000\040\000E\000l\000i\000m\000i\000n\000a\000c\000i\000\363\000n\000\040\000d\000e\000\040\000\301\000m\000b\000i\000t\000o\000s}{section.5.2}% 48
\BOOKMARK [1][-]{section.5.3}{\376\377\000I\000m\000p\000l\000e\000m\000e\000n\000t\000a\000c\000i\000\363\000n\000:\000\040\000s\000e\000m\000a\000n\000t\000i\000c\000.\000c}{chapter.5}% 49
\BOOKMARK [2][-]{subsection.5.3.1}{\376\377\000A\000n\000o\000t\000a\000c\000i\000\363\000n\000\040\000d\000e\000\040\000N\000o\000d\000o\000s\000\040\000d\000e\000l\000\040\000A\000S\000T}{section.5.3}% 50
\BOOKMARK [2][-]{subsection.5.3.2}{\376\377\000V\000e\000r\000i\000f\000i\000c\000a\000c\000i\000\363\000n\000\040\000d\000e\000\040\000T\000i\000p\000o\000s}{section.5.3}% 51
\BOOKMARK [1][-]{section.5.4}{\376\377\000E\000r\000r\000o\000r\000e\000s\000\040\000S\000e\000m\000\341\000n\000t\000i\000c\000o\000s\000\040\000D\000e\000t\000e\000c\000t\000a\000d\000o\000s}{chapter.5}% 52
\BOOKMARK [1][-]{section.5.5}{\376\377\000V\000i\000s\000u\000a\000l\000i\000z\000a\000c\000i\000\363\000n\000\040\000d\000e\000\040\000l\000a\000\040\000T\000a\000b\000l\000a\000\040\000d\000e\000\040\000S\000\355\000m\000b\000o\000l\000o\000s}{chapter.5}% 53
\BOOKMARK [0][-]{chapter.6}{\376\377\000B\000A\000C\000K\000E\000N\000D\000\040\040\024\000\040\000E\000l\000\040\000\301\000r\000b\000o\000l\000\040\000S\000i\000n\000t\000\341\000c\000t\000i\000c\000o\000\040\000A\000b\000s\000t\000r\000a\000c\000t\000o\000\040\000\050\000A\000S\000T\000\051}{}% 54
\BOOKMARK [1][-]{section.6.1}{\376\377\000F\000u\000n\000d\000a\000m\000e\000n\000t\000o\000s\000\040\000T\000e\000\363\000r\000i\000c\000o\000s\000:\000\040\000A\000S\000T\000\040\000v\000s\000\040\000P\000a\000r\000s\000e\000\040\000T\000r\000e\000e}{chapter.6}% 55
\BOOKMARK [1][-]{section.6.2}{\376\377\000E\000s\000t\000r\000u\000c\000t\000u\000r\000a\000\040\000d\000e\000l\000\040\000N\000o\000d\000o}{chapter.6}% 56
\BOOKMARK [1][-]{section.6.3}{\376\377\000T\000i\000p\000o\000s\000\040\000d\000e\000\040\000N\000o\000d\000o}{chapter.6}% 57
\BOOKMARK [1][-]{section.6.4}{\376\377\000E\000j\000e\000m\000p\000l\000o\000\040\000d\000e\000\040\000A\000S\000T}{chapter.6}% 58
\BOOKMARK [1][-]{section.6.5}{\376\377\000C\000o\000n\000s\000t\000r\000u\000c\000c\000i\000\363\000n\000\040\000d\000e\000\040\000N\000o\000d\000o\000s}{chapter.6}% 59
\BOOKMARK [0][-]{chapter.7}{\376\377\000B\000A\000C\000K\000E\000N\000D\000\040\040\024\000\040\000O\000p\000t\000i\000m\000i\000z\000a\000c\000i\000\363\000n\000\040\000d\000e\000l\000\040\000A\000S\000T}{}% 60
\BOOKMARK [1][-]{section.7.1}{\376\377\000F\000u\000n\000d\000a\000m\000e\000n\000t\000o\000s\000\040\000T\000e\000\363\000r\000i\000c\000o\000s}{chapter.7}% 61
\BOOKMARK [2][-]{subsection.7.1.1}{\376\377\000J\000u\000s\000t\000i\000f\000i\000c\000a\000c\000i\000\363\000n\000\040\000d\000e\000l\000\040\000O\000r\000d\000e\000n\000\040\000d\000e\000\040\000E\000j\000e\000c\000u\000c\000i\000\363\000n}{section.7.1}% 62
\BOOKMARK [1][-]{section.7.2}{\376\377\000O\000p\000t\000i\000m\000i\000z\000a\000c\000i\000\363\000n\000\040\0001\000:\000\040\000P\000l\000e\000g\000a\000d\000o\000\040\000d\000e\000\040\000C\000o\000n\000s\000t\000a\000n\000t\000e\000s}{chapter.7}% 63
\BOOKMARK [2][-]{subsection.7.2.1}{\376\377\000D\000e\000s\000c\000r\000i\000p\000c\000i\000\363\000n}{section.7.2}% 64
\BOOKMARK [2][-]{subsection.7.2.2}{\376\377\000O\000p\000e\000r\000a\000c\000i\000o\000n\000e\000s\000\040\000s\000o\000p\000o\000r\000t\000a\000d\000a\000s}{section.7.2}% 65
\BOOKMARK [2][-]{subsection.7.2.3}{\376\377\000I\000m\000p\000l\000e\000m\000e\000n\000t\000a\000c\000i\000\363\000n}{section.7.2}% 66
\BOOKMARK [2][-]{subsection.7.2.4}{\376\377\000E\000j\000e\000m\000p\000l\000o}{section.7.2}% 67
\BOOKMARK [1][-]{section.7.3}{\376\377\000O\000p\000t\000i\000m\000i\000z\000a\000c\000i\000\363\000n\000\040\0002\000:\000\040\000S\000i\000m\000p\000l\000i\000f\000i\000c\000a\000c\000i\000\363\000n\000\040\000A\000l\000g\000e\000b\000r\000a\000i\000c\000a}{chapter.7}% 68
\BOOKMARK [2][-]{subsection.7.3.1}{\376\377\000D\000e\000s\000c\000r\000i\000p\000c\000i\000\363\000n}{section.7.3}% 69
\BOOKMARK [1][-]{section.7.4}{\376\377\000O\000p\000t\000i\000m\000i\000z\000a\000c\000i\000\363\000n\000\040\0003\000:\000\040\000E\000l\000i\000m\000i\000n\000a\000c\000i\000\363\000n\000\040\000d\000e\000\040\000C\000\363\000d\000i\000g\000o\000\040\000M\000u\000e\000r\000t\000o}{chapter.7}% 70
\BOOKMARK [2][-]{subsection.7.4.1}{\376\377\000D\000e\000s\000c\000r\000i\000p\000c\000i\000\363\000n}{section.7.4}% 71
\BOOKMARK [2][-]{subsection.7.4.2}{\376\377\000C\000a\000s\000o\000s\000\040\000d\000e\000t\000e\000c\000t\000a\000d\000o\000s}{section.7.4}% 72
\BOOKMARK [1][-]{section.7.5}{\376\377\000O\000p\000t\000i\000m\000i\000z\000a\000c\000i\000\363\000n\000\040\0004\000:\000\040\000P\000r\000o\000p\000a\000g\000a\000c\000i\000\363\000n\000\040\000d\000e\000\040\000C\000o\000n\000s\000t\000a\000n\000t\000e\000s}{chapter.7}% 73
\BOOKMARK [2][-]{subsection.7.5.1}{\376\377\000D\000e\000s\000c\000r\000i\000p\000c\000i\000\363\000n}{section.7.5}% 74
\BOOKMARK [1][-]{section.7.6}{\376\377\000I\000n\000f\000o\000r\000m\000e\000\040\000d\000e\000\040\000O\000p\000t\000i\000m\000i\000z\000a\000c\000i\000o\000n\000e\000s}{chapter.7}% 75
\BOOKMARK [1][-]{section.7.7}{\376\377\000P\000o\000s\000i\000b\000i\000l\000i\000d\000a\000d\000e\000s\000\040\000d\000e\000\040\000O\000p\000t\000i\000m\000i\000z\000a\000c\000i\000\363\000n\000\040\000e\000n\000\040\000e\000l\000\040\000C\000\363\000d\000i\000g\000o\000\040\000F\000i\000n\000a\000l}{chapter.7}% 76
\BOOKMARK [0][-]{chapter.8}{\376\377\000B\000A\000C\000K\000E\000N\000D\000\040\040\024\000\040\000C\000\363\000d\000i\000g\000o\000\040\000I\000n\000t\000e\000r\000m\000e\000d\000i\000o\000\040\000\050\000T\000A\000C\000\051}{}% 77
\BOOKMARK [1][-]{section.8.1}{\376\377\000F\000u\000n\000d\000a\000m\000e\000n\000t\000o\000s\000\040\000T\000e\000\363\000r\000i\000c\000o\000s}{chapter.8}% 78
\BOOKMARK [1][-]{section.8.2}{\376\377\000I\000m\000p\000l\000e\000m\000e\000n\000t\000a\000c\000i\000\363\000n\000:\000\040\000i\000r\000.\000c}{chapter.8}% 79
\BOOKMARK [2][-]{subsection.8.2.1}{\376\377\000F\000o\000r\000m\000a\000t\000o\000\040\000T\000A\000C}{section.8.2}% 80
\BOOKMARK [2][-]{subsection.8.2.2}{\376\377\000G\000e\000n\000e\000r\000a\000d\000o\000r\000\040\000R\000e\000c\000u\000r\000s\000i\000v\000o}{section.8.2}% 81
\BOOKMARK [1][-]{section.8.3}{\376\377\000E\000j\000e\000m\000p\000l\000o\000\040\000d\000e\000\040\000T\000A\000C}{chapter.8}% 82
\BOOKMARK [1][-]{section.8.4}{\376\377\000T\000A\000C\000\040\000p\000a\000r\000a\000\040\000E\000s\000t\000r\000u\000c\000t\000u\000r\000a\000s\000\040\000d\000e\000\040\000C\000o\000n\000t\000r\000o\000l}{chapter.8}% 83
\BOOKMARK [2][-]{subsection.8.4.1}{\376\377\000C\000o\000n\000d\000i\000c\000i\000o\000n\000a\000l\000\040\000s\000i\000/\000s\000i\000n\000o}{section.8.4}% 84
\BOOKMARK [2][-]{subsection.8.4.2}{\376\377\000B\000u\000c\000l\000e\000\040\000p\000a\000r\000a}{section.8.4}% 85
\BOOKMARK [0][-]{chapter.9}{\376\377\000B\000A\000C\000K\000E\000N\000D\000\040\040\024\000\040\000G\000e\000n\000e\000r\000a\000c\000i\000\363\000n\000\040\000d\000e\000\040\000C\000\363\000d\000i\000g\000o\000\040\000R\000V\0003\0002\000I}{}% 86
\BOOKMARK [1][-]{section.9.1}{\376\377\000F\000u\000n\000d\000a\000m\000e\000n\000t\000o\000s\000\040\000T\000e\000\363\000r\000i\000c\000o\000s\000:\000\040\000A\000r\000q\000u\000i\000t\000e\000c\000t\000u\000r\000a\000\040\000R\000I\000S\000C\000-\000V\000\040\000R\000V\0003\0002\000I}{chapter.9}% 87
\BOOKMARK [2][-]{subsection.9.1.1}{\376\377\000R\000e\000g\000i\000s\000t\000r\000o\000s\000\040\000A\000r\000q\000u\000i\000t\000e\000c\000t\000\363\000n\000i\000c\000o\000s\000\040\000R\000V\0003\0002\000I}{section.9.1}% 88
\BOOKMARK [2][-]{subsection.9.1.2}{\376\377\000C\000o\000n\000v\000e\000n\000c\000i\000\363\000n\000\040\000d\000e\000\040\000L\000l\000a\000m\000a\000d\000a\000s\000\040\000\050\000C\000a\000l\000l\000i\000n\000g\000\040\000C\000o\000n\000v\000e\000n\000t\000i\000o\000n\000\051}{section.9.1}% 89
\BOOKMARK [1][-]{section.9.2}{\376\377\000M\000o\000d\000e\000l\000o\000\040\000d\000e\000\040\000M\000e\000m\000o\000r\000i\000a}{chapter.9}% 90
\BOOKMARK [2][-]{subsection.9.2.1}{\376\377\000S\000t\000a\000c\000k\000\040\000\332\000n\000i\000c\000o\000\040\000C\000o\000m\000p\000a\000r\000t\000i\000d\000o}{section.9.2}% 91
\BOOKMARK [1][-]{section.9.3}{\376\377\000G\000e\000n\000e\000r\000a\000c\000i\000\363\000n\000\040\000B\000i\000f\000\341\000s\000i\000c\000a\000\040\000p\000a\000r\000a\000\040\000F\000u\000n\000c\000i\000o\000n\000e\000s}{chapter.9}% 92
\BOOKMARK [1][-]{section.9.4}{\376\377\000R\000u\000t\000i\000n\000a\000s\000\040\000d\000e\000\040\000S\000o\000p\000o\000r\000t\000e\000\040\000E\000m\000i\000t\000i\000d\000a\000s\000\040\000A\000u\000t\000o\000m\000\341\000t\000i\000c\000a\000m\000e\000n\000t\000e}{chapter.9}% 93
\BOOKMARK [2][-]{subsection.9.4.1}{\376\377\000M\000u\000l\000t\000i\000p\000l\000i\000c\000a\000d\000o\000r\000\040\000p\000o\000r\000\040\000s\000o\000f\000t\000w\000a\000r\000e}{section.9.4}% 94
\BOOKMARK [1][-]{section.9.5}{\376\377\000G\000e\000n\000e\000r\000a\000c\000i\000\363\000n\000\040\000p\000o\000r\000\040\000T\000i\000p\000o\000\040\000d\000e\000\040\000N\000o\000d\000o}{chapter.9}% 95
\BOOKMARK [2][-]{subsection.9.5.1}{\376\377\000E\000x\000p\000r\000e\000s\000i\000o\000n\000e\000s\000\040\000A\000r\000i\000t\000m\000\351\000t\000i\000c\000a\000s}{section.9.5}% 96
\BOOKMARK [2][-]{subsection.9.5.2}{\376\377\000E\000s\000t\000r\000u\000c\000t\000u\000r\000a\000s\000\040\000d\000e\000\040\000C\000o\000n\000t\000r\000o\000l}{section.9.5}% 97
\BOOKMARK [2][-]{subsection.9.5.3}{\376\377\000F\000u\000n\000c\000i\000o\000n\000e\000s\000:\000\040\000P\000r\000\363\000l\000o\000g\000o\000,\000\040\000L\000l\000a\000m\000a\000d\000a\000\040\000y\000\040\000E\000p\000\355\000l\000o\000g\000o}{section.9.5}% 98
\BOOKMARK [2][-]{subsection.9.5.4}{\376\377\000I\000n\000s\000t\000r\000u\000c\000c\000i\000\363\000n\000\040\000i\000m\000p\000r\000i\000m\000i\000r}{section.9.5}% 99
\BOOKMARK [1][-]{section.9.6}{\376\377\000T\000a\000b\000l\000a\000\040\000d\000e\000\040\000P\000o\000s\000i\000b\000i\000l\000i\000d\000a\000d\000e\000s\000\040\000d\000e\000l\000\040\000C\000\363\000d\000i\000g\000o\000\040\000G\000e\000n\000e\000r\000a\000d\000o}{chapter.9}% 100
\BOOKMARK [1][-]{section.9.7}{\376\377\000S\000a\000l\000i\000d\000a\000\040\000d\000e\000\040\000D\000i\000a\000g\000n\000\363\000s\000t\000i\000c\000o}{chapter.9}% 101
\BOOKMARK [0][-]{chapter.10}{\376\377\000M\000E\000T\000O\000D\000O\000L\000O\000G\000\315\000A\000\040\040\024\000\040\000I\000n\000t\000e\000g\000r\000a\000c\000i\000\363\000n\000\040\000c\000o\000n\000\040\000L\000o\000g\000i\000s\000i\000m\000\040\000E\000v\000o\000l\000u\000t\000i\000o\000n}{}% 102
\BOOKMARK [1][-]{section.10.1}{\376\377\000V\000i\000s\000i\000\363\000n\000\040\000G\000e\000n\000e\000r\000a\000l\000\040\000d\000e\000l\000\040\000P\000r\000o\000c\000e\000s\000o}{chapter.10}% 103
\BOOKMARK [1][-]{section.10.2}{\376\377\000E\000l\000\040\000S\000c\000r\000i\000p\000t\000\040\000c\000o\000m\000p\000i\000l\000e\000\137\000t\000o\000\137\000l\000o\000g\000i\000s\000i\000m\000.\000p\000y}{chapter.10}% 104
\BOOKMARK [2][-]{subsection.10.2.1}{\376\377\000O\000r\000i\000g\000e\000n\000\040\000y\000\040\000A\000d\000a\000p\000t\000a\000c\000i\000\363\000n}{section.10.2}% 105
\BOOKMARK [2][-]{subsection.10.2.2}{\376\377\000F\000u\000n\000c\000i\000o\000n\000a\000m\000i\000e\000n\000t\000o\000\040\000I\000n\000t\000e\000r\000n\000o}{section.10.2}% 106
\BOOKMARK [2][-]{subsection.10.2.3}{\376\377\000C\000o\000d\000i\000f\000i\000c\000a\000c\000i\000\363\000n\000\040\000d\000e\000\040\000E\000j\000e\000m\000p\000l\000o}{section.10.2}% 107
\BOOKMARK [1][-]{section.10.3}{\376\377\000A\000r\000q\000u\000i\000t\000e\000c\000t\000u\000r\000a\000\040\000R\000I\000S\000C\000-\000V\000\040\000y\000\040\000e\000l\000\040\000P\000r\000o\000c\000e\000s\000a\000d\000o\000r\000\040\000L\000o\000g\000i\000s\000i\000m}{chapter.10}% 108
\BOOKMARK [2][-]{subsection.10.3.1}{\376\377\000E\000l\000\040\000P\000r\000o\000c\000e\000s\000a\000d\000o\000r\000\040\000d\000e\000\040\000C\000i\000c\000l\000o\000\040\000\332\000n\000i\000c\000o}{section.10.3}% 109
\BOOKMARK [2][-]{subsection.10.3.2}{\376\377\000C\000i\000c\000l\000o\000\040\000d\000e\000\040\000E\000j\000e\000c\000u\000c\000i\000\363\000n\000\040\000p\000o\000r\000\040\000I\000n\000s\000t\000r\000u\000c\000c\000i\000\363\000n}{section.10.3}% 110
\BOOKMARK [0][-]{chapter.11}{\376\377\000C\000O\000M\000P\000L\000I\000C\000A\000C\000I\000O\000N\000E\000S}{}% 111
\BOOKMARK [1][-]{section.11.1}{\376\377\000P\000a\000n\000o\000r\000a\000m\000a\000\040\000G\000e\000n\000e\000r\000a\000l\000\040\000d\000e\000\040\000D\000i\000f\000i\000c\000u\000l\000t\000a\000d\000e\000s}{chapter.11}% 112
\BOOKMARK [1][-]{section.11.2}{\376\377\000C\000o\000m\000p\000l\000i\000c\000a\000c\000i\000\363\000n\000\040\0001\000:\000\040\000A\000u\000s\000e\000n\000c\000i\000a\000\040\000d\000e\000\040\000I\000n\000s\000t\000r\000u\000c\000c\000i\000\363\000n\000\040\000m\000u\000l\000\040\000e\000n\000\040\000R\000V\0003\0002\000I\000\040\000B\000a\000s\000e}{chapter.11}% 113
\BOOKMARK [2][-]{subsection.11.2.1}{\376\377\000D\000e\000s\000c\000r\000i\000p\000c\000i\000\363\000n}{section.11.2}% 114
\BOOKMARK [2][-]{subsection.11.2.2}{\376\377\000S\000o\000l\000u\000c\000i\000\363\000n\000\040\000A\000d\000o\000p\000t\000a\000d\000a}{section.11.2}% 115
\BOOKMARK [1][-]{section.11.3}{\376\377\000C\000o\000m\000p\000l\000i\000c\000a\000c\000i\000\363\000n\000\040\0002\000:\000\040\000S\000a\000l\000i\000d\000a\000\040\000T\000T\000Y\000\040\000e\000n\000\040\000L\000o\000g\000i\000s\000i\000m}{chapter.11}% 116
\BOOKMARK [2][-]{subsection.11.3.1}{\376\377\000D\000e\000s\000c\000r\000i\000p\000c\000i\000\363\000n}{section.11.3}% 117
\BOOKMARK [2][-]{subsection.11.3.2}{\376\377\000P\000r\000o\000b\000l\000e\000m\000a\000\040\000d\000e\000\040\000C\000o\000d\000i\000f\000i\000c\000a\000c\000i\000\363\000n}{section.11.3}% 118
\BOOKMARK [2][-]{subsection.11.3.3}{\376\377\000S\000o\000l\000u\000c\000i\000\363\000n}{section.11.3}% 119
\BOOKMARK [1][-]{section.11.4}{\376\377\000C\000o\000m\000p\000l\000i\000c\000a\000c\000i\000\363\000n\000\040\0003\000:\000\040\000M\000o\000d\000e\000l\000o\000\040\000d\000e\000\040\000M\000e\000m\000o\000r\000i\000a\000\040\000E\000s\000t\000\341\000t\000i\000c\000o\000\040\000y\000\040\000F\000u\000n\000c\000i\000o\000n\000e\000s\000\040\000R\000e\000c\000u\000r\000s\000i\000v\000a\000s}{chapter.11}% 120
\BOOKMARK [2][-]{subsection.11.4.1}{\376\377\000D\000e\000s\000c\000r\000i\000p\000c\000i\000\363\000n}{section.11.4}% 121
\BOOKMARK [2][-]{subsection.11.4.2}{\376\377\000M\000a\000n\000i\000f\000e\000s\000t\000a\000c\000i\000\363\000n\000\040\000d\000e\000l\000\040\000E\000r\000r\000o\000r}{section.11.4}% 122
\BOOKMARK [2][-]{subsection.11.4.3}{\376\377\000C\000a\000u\000s\000a\000\040\000T\000\351\000c\000n\000i\000c\000a}{section.11.4}% 123
\BOOKMARK [2][-]{subsection.11.4.4}{\376\377\000S\000o\000l\000u\000c\000i\000\363\000n\000\040\000A\000c\000t\000u\000a\000l}{section.11.4}% 124
\BOOKMARK [1][-]{section.11.5}{\376\377\000C\000o\000m\000p\000l\000i\000c\000a\000c\000i\000\363\000n\000\040\0004\000:\000\040\000F\000o\000r\000m\000a\000t\000o\000\040\000d\000e\000l\000\040\000A\000r\000c\000h\000i\000v\000o\000\040\000H\000e\000x\000a\000d\000e\000c\000i\000m\000a\000l\000\040\000p\000a\000r\000a\000\040\000L\000o\000g\000i\000s\000i\000m}{chapter.11}% 125
\BOOKMARK [2][-]{subsection.11.5.1}{\376\377\000D\000e\000s\000c\000r\000i\000p\000c\000i\000\363\000n}{section.11.5}% 126
\BOOKMARK [2][-]{subsection.11.5.2}{\376\377\000P\000r\000o\000b\000l\000e\000m\000a\000\040\000I\000n\000i\000c\000i\000a\000l}{section.11.5}% 127
\BOOKMARK [2][-]{subsection.11.5.3}{\376\377\000S\000o\000l\000u\000c\000i\000\363\000n}{section.11.5}% 128
\BOOKMARK [1][-]{section.11.6}{\376\377\000C\000o\000m\000p\000l\000i\000c\000a\000c\000i\000\363\000n\000\040\0005\000:\000\040\000C\000o\000n\000f\000l\000i\000c\000t\000o\000s\000\040\000L\000\351\000x\000i\000c\000o\000s\000\040\000c\000o\000n\000\040\000B\000a\000b\000e\000l\000\040\000e\000n\000\040\000L\000a\000T\000e\000X}{chapter.11}% 129
\BOOKMARK [2][-]{subsection.11.6.1}{\376\377\000D\000e\000s\000c\000r\000i\000p\000c\000i\000\363\000n}{section.11.6}% 130
\BOOKMARK [2][-]{subsection.11.6.2}{\376\377\000S\000o\000l\000u\000c\000i\000\363\000n}{section.11.6}% 131
\BOOKMARK [1][-]{section.11.7}{\376\377\000C\000o\000m\000p\000l\000i\000c\000a\000c\000i\000\363\000n\000\040\0006\000:\000\040\000C\000a\000r\000a\000c\000t\000e\000r\000e\000s\000\040\000E\000s\000p\000e\000c\000i\000a\000l\000e\000s\000\040\000e\000n\000\040\000C\000a\000d\000e\000n\000a\000s\000\040\000d\000e\000\040\000T\000e\000x\000t\000o}{chapter.11}% 132
\BOOKMARK [2][-]{subsection.11.7.1}{\376\377\000D\000e\000s\000c\000r\000i\000p\000c\000i\000\363\000n}{section.11.7}% 133
\BOOKMARK [2][-]{subsection.11.7.2}{\376\377\000S\000o\000l\000u\000c\000i\000\363\000n}{section.11.7}% 134
\BOOKMARK [0][-]{chapter.12}{\376\377\000P\000R\000U\000E\000B\000A\000S\000\040\000Y\000\040\000D\000E\000M\000O\000S\000T\000R\000A\000C\000I\000O\000N\000E\000S\000\040\000D\000E\000L\000\040\000C\000O\000M\000P\000I\000L\000A\000D\000O\000R}{}% 135
\BOOKMARK [1][-]{section.12.1}{\376\377\000D\000e\000s\000c\000r\000i\000p\000c\000i\000\363\000n\000\040\000d\000e\000\040\000l\000a\000s\000\040\000P\000r\000u\000e\000b\000a\000s}{chapter.12}% 136
\BOOKMARK [1][-]{section.12.2}{\376\377\000P\000r\000u\000e\000b\000a\000\040\0001\000:\000\040\000P\000r\000o\000g\000r\000a\000m\000a\000\040\000C\000o\000r\000r\000e\000c\000t\000o\000\040\040\024\000\040\000O\000p\000e\000r\000a\000c\000i\000o\000n\000e\000s\000\040\000B\000\341\000s\000i\000c\000a\000s}{chapter.12}% 137
\BOOKMARK [2][-]{subsection.12.2.1}{\376\377\000C\000\363\000d\000i\000g\000o\000\040\000F\000u\000e\000n\000t\000e}{section.12.2}% 138
\BOOKMARK [2][-]{subsection.12.2.2}{\376\377\000S\000a\000l\000i\000d\000a\000\040\000E\000s\000p\000e\000r\000a\000d\000a\000\040\000d\000e\000l\000\040\000C\000o\000m\000p\000i\000l\000a\000d\000o\000r}{section.12.2}% 139
\BOOKMARK [1][-]{section.12.3}{\376\377\000P\000r\000u\000e\000b\000a\000\040\0002\000:\000\040\000E\000r\000r\000o\000r\000\040\000L\000\351\000x\000i\000c\000o}{chapter.12}% 140
\BOOKMARK [2][-]{subsection.12.3.1}{\376\377\000C\000\363\000d\000i\000g\000o\000\040\000F\000u\000e\000n\000t\000e\000\040\000c\000o\000n\000\040\000E\000r\000r\000o\000r}{section.12.3}% 141
\BOOKMARK [2][-]{subsection.12.3.2}{\376\377\000S\000a\000l\000i\000d\000a\000\040\000d\000e\000l\000\040\000C\000o\000m\000p\000i\000l\000a\000d\000o\000r}{section.12.3}% 142
\BOOKMARK [1][-]{section.12.4}{\376\377\000P\000r\000u\000e\000b\000a\000\040\0003\000:\000\040\000E\000r\000r\000o\000r\000\040\000S\000i\000n\000t\000\341\000c\000t\000i\000c\000o}{chapter.12}% 143
\BOOKMARK [2][-]{subsection.12.4.1}{\376\377\000C\000\363\000d\000i\000g\000o\000\040\000F\000u\000e\000n\000t\000e\000\040\000c\000o\000n\000\040\000E\000r\000r\000o\000r}{section.12.4}% 144
\BOOKMARK [2][-]{subsection.12.4.2}{\376\377\000S\000a\000l\000i\000d\000a\000\040\000d\000e\000l\000\040\000C\000o\000m\000p\000i\000l\000a\000d\000o\000r}{section.12.4}% 145
\BOOKMARK [1][-]{section.12.5}{\376\377\000P\000r\000u\000e\000b\000a\000\040\0004\000:\000\040\000E\000r\000r\000o\000r\000\040\000S\000e\000m\000\341\000n\000t\000i\000c\000o}{chapter.12}% 146
\BOOKMARK [2][-]{subsection.12.5.1}{\376\377\000C\000\363\000d\000i\000g\000o\000\040\000F\000u\000e\000n\000t\000e\000\040\000c\000o\000n\000\040\000E\000r\000r\000o\000r}{section.12.5}% 147
\BOOKMARK [2][-]{subsection.12.5.2}{\376\377\000S\000a\000l\000i\000d\000a\000\040\000d\000e\000l\000\040\000C\000o\000m\000p\000i\000l\000a\000d\000o\000r}{section.12.5}% 148
\BOOKMARK [1][-]{section.12.6}{\376\377\000P\000r\000u\000e\000b\000a\000\040\0005\000:\000\040\000P\000r\000o\000g\000r\000a\000m\000a\000\040\000c\000o\000n\000\040\000F\000u\000n\000c\000i\000o\000n\000e\000s}{chapter.12}% 149
\BOOKMARK [2][-]{subsection.12.6.1}{\376\377\000C\000\363\000d\000i\000g\000o\000\040\000F\000u\000e\000n\000t\000e}{section.12.6}% 150
\BOOKMARK [2][-]{subsection.12.6.2}{\376\377\000S\000a\000l\000i\000d\000a\000\040\000E\000s\000p\000e\000r\000a\000d\000a}{section.12.6}% 151
\BOOKMARK [1][-]{section.12.7}{\376\377\000P\000r\000u\000e\000b\000a\000\040\0006\000:\000\040\000O\000p\000t\000i\000m\000i\000z\000a\000c\000i\000\363\000n\000\040\000d\000e\000\040\000C\000o\000n\000s\000t\000a\000n\000t\000e\000s}{chapter.12}% 152
\BOOKMARK [2][-]{subsection.12.7.1}{\376\377\000C\000\363\000d\000i\000g\000o\000\040\000F\000u\000e\000n\000t\000e}{section.12.7}% 153
\BOOKMARK [2][-]{subsection.12.7.2}{\376\377\000S\000a\000l\000i\000d\000a\000\040\000d\000e\000l\000\040\000O\000p\000t\000i\000m\000i\000z\000a\000d\000o\000r}{section.12.7}% 154
\BOOKMARK [1][-]{section.12.8}{\376\377\000P\000r\000u\000e\000b\000a\000\040\0007\000:\000\040\000P\000r\000o\000g\000r\000a\000m\000a\000\040\000c\000o\000n\000\040\000B\000u\000c\000l\000e\000s\000\040\000y\000\040\000A\000r\000r\000e\000g\000l\000o\000s}{chapter.12}% 155
\BOOKMARK [2][-]{subsection.12.8.1}{\376\377\000C\000\363\000d\000i\000g\000o\000\040\000F\000u\000e\000n\000t\000e}{section.12.8}% 156
\BOOKMARK [2][-]{subsection.12.8.2}{\376\377\000S\000a\000l\000i\000d\000a\000\040\000E\000s\000p\000e\000r\000a\000d\000a}{section.12.8}% 157
\BOOKMARK [1][-]{section.12.9}{\376\377\000P\000r\000u\000e\000b\000a\000\040\0008\000:\000\040\000P\000r\000u\000e\000b\000a\000\040\000I\000n\000t\000e\000g\000r\000a\000l\000\040\040\024\000\040\000B\000a\000c\000k\000e\000n\000d}{chapter.12}% 158
\BOOKMARK [2][-]{subsection.12.9.1}{\376\377\000C\000\363\000d\000i\000g\000o\000\040\000F\000u\000e\000n\000t\000e}{section.12.9}% 159
\BOOKMARK [2][-]{subsection.12.9.2}{\376\377\000R\000e\000s\000u\000l\000t\000a\000d\000o\000\040\000e\000n\000\040\000L\000o\000g\000i\000s\000i\000m}{section.12.9}% 160
\BOOKMARK [0][-]{chapter.13}{\376\377\000M\000A\000N\000U\000A\000L\000\040\000D\000E\000\040\000U\000S\000U\000A\000R\000I\000O}{}% 161
\BOOKMARK [1][-]{section.13.1}{\376\377\000S\000i\000n\000t\000a\000x\000i\000s\000\040\000d\000e\000l\000\040\000L\000e\000n\000g\000u\000a\000j\000e\000\040\000T\000P\000P}{chapter.13}% 162
\BOOKMARK [2][-]{subsection.13.1.1}{\376\377\000T\000i\000p\000o\000s\000\040\000d\000e\000\040\000D\000a\000t\000o\000s\000\040\000y\000\040\000V\000a\000r\000i\000a\000b\000l\000e\000s}{section.13.1}% 163
\BOOKMARK [2][-]{subsection.13.1.2}{\376\377\000E\000n\000t\000r\000a\000d\000a\000\040\000y\000\040\000S\000a\000l\000i\000d\000a}{section.13.1}% 164
\BOOKMARK [2][-]{subsection.13.1.3}{\376\377\000E\000x\000p\000r\000e\000s\000i\000o\000n\000e\000s\000\040\000y\000\040\000O\000p\000e\000r\000a\000d\000o\000r\000e\000s}{section.13.1}% 165
\BOOKMARK [2][-]{subsection.13.1.4}{\376\377\000E\000s\000t\000r\000u\000c\000t\000u\000r\000a\000s\000\040\000C\000o\000n\000d\000i\000c\000i\000o\000n\000a\000l\000e\000s\000:\000\040\000s\000i\000\040\000/\000\040\000s\000i\000n\000o}{section.13.1}% 166
\BOOKMARK [2][-]{subsection.13.1.5}{\376\377\000S\000e\000l\000e\000c\000c\000i\000\363\000n\000\040\000M\000\372\000l\000t\000i\000p\000l\000e\000:\000\040\000d\000e\000p\000e\000n\000d\000e\000\040\000/\000\040\000c\000a\000s\000o}{section.13.1}% 167
\BOOKMARK [2][-]{subsection.13.1.6}{\376\377\000B\000u\000c\000l\000e\000s\000:\000\040\000m\000i\000e\000n\000t\000r\000a\000s\000\040\000y\000\040\000p\000a\000r\000a}{section.13.1}% 168
\BOOKMARK [2][-]{subsection.13.1.7}{\376\377\000F\000u\000n\000c\000i\000o\000n\000e\000s\000:\000\040\000f\000u\000n}{section.13.1}% 169
\BOOKMARK [1][-]{section.13.2}{\376\377\000G\000u\000\355\000a\000\040\000d\000e\000\040\000C\000o\000m\000p\000i\000l\000a\000c\000i\000\363\000n\000\040\000y\000\040\000E\000j\000e\000c\000u\000c\000i\000\363\000n\000\040\000e\000n\000\040\000L\000o\000g\000i\000s\000i\000m}{chapter.13}% 170
\BOOKMARK [2][-]{subsection.13.2.1}{\376\377\0001\000.\000\040\000C\000o\000m\000p\000i\000l\000a\000c\000i\000\363\000n\000\040\000d\000e\000l\000\040\000c\000\363\000d\000i\000g\000o\000\040\000f\000u\000e\000n\000t\000e}{section.13.2}% 171
\BOOKMARK [2][-]{subsection.13.2.2}{\376\377\0002\000.\000\040\000G\000e\000n\000e\000r\000a\000c\000i\000\363\000n\000\040\000d\000e\000l\000\040\000C\000\363\000d\000i\000g\000o\000\040\000H\000e\000x\000a\000d\000e\000c\000i\000m\000a\000l}{section.13.2}% 172
\BOOKMARK [2][-]{subsection.13.2.3}{\376\377\0003\000.\000\040\000C\000a\000r\000g\000a\000\040\000e\000n\000\040\000L\000o\000g\000i\000s\000i\000m\000\040\000E\000v\000o\000l\000u\000t\000i\000o\000n}{section.13.2}% 173
\BOOKMARK [0][-]{chapter.14}{\376\377\000C\000o\000n\000c\000l\000u\000s\000i\000o\000n\000e\000s\000\040\000y\000\040\000T\000r\000a\000b\000a\000j\000o\000\040\000F\000u\000t\000u\000r\000o}{}% 174
\BOOKMARK [1][-]{section.14.1}{\376\377\000R\000e\000s\000u\000m\000e\000n\000\040\000d\000e\000l\000\040\000P\000r\000o\000c\000e\000s\000o\000\040\000d\000e\000\040\000C\000o\000m\000p\000i\000l\000a\000c\000i\000\363\000n}{chapter.14}% 175
\BOOKMARK [1][-]{section.14.2}{\376\377\000L\000o\000g\000r\000o\000s\000\040\000I\000m\000p\000l\000e\000m\000e\000n\000t\000a\000d\000o\000s}{chapter.14}% 176
\BOOKMARK [2][-]{subsection.14.2.1}{\376\377\000F\000r\000o\000n\000t\000e\000n\000d}{section.14.2}% 177
\BOOKMARK [2][-]{subsection.14.2.2}{\376\377\000B\000a\000c\000k\000e\000n\000d}{section.14.2}% 178
\BOOKMARK [1][-]{section.14.3}{\376\377\000C\000o\000n\000s\000t\000r\000u\000c\000c\000i\000o\000n\000e\000s\000\040\000S\000o\000p\000o\000r\000t\000a\000d\000a\000s}{chapter.14}% 179
\BOOKMARK [1][-]{section.14.4}{\376\377\000L\000i\000m\000i\000t\000a\000c\000i\000o\000n\000e\000s\000\040\000A\000c\000t\000u\000a\000l\000e\000s}{chapter.14}% 180
\BOOKMARK [2][-]{subsection.14.4.1}{\376\377\000M\000o\000d\000e\000l\000o\000\040\000d\000e\000\040\000M\000e\000m\000o\000r\000i\000a\000\040\000E\000s\000t\000\341\000t\000i\000c\000o}{section.14.4}% 181
\BOOKMARK [2][-]{subsection.14.4.2}{\376\377\000S\000i\000n\000\040\000g\000u\000i\000\363\000n\000\040\000b\000a\000j\000o\000\040\000e\000n\000\040\000i\000d\000e\000n\000t\000i\000f\000i\000c\000a\000d\000o\000r\000e\000s}{section.14.4}% 182
\BOOKMARK [1][-]{section.14.5}{\376\377\000T\000r\000a\000b\000a\000j\000o\000\040\000F\000u\000t\000u\000r\000o}{chapter.14}% 183
\BOOKMARK [1][-]{section.14.6}{\376\377\000E\000j\000e\000m\000p\000l\000o\000\040\000C\000o\000m\000p\000l\000e\000t\000o\000:\000\040\000D\000e\000\040\000F\000u\000e\000n\000t\000e\000\040\000a\000\040\000B\000i\000n\000a\000r\000i\000o}{chapter.14}% 184
