mktextfm rsfs10
mktextfm rsfs10
mktextfm rsfs10
mktexpk --mfmode / --bdpi 600 --mag 1+0/600 --dpi 600 tctt1200
mktexpk --mfmode / --bdpi 600 --mag 1+0/600 --dpi 600 tctt1200
mktexpk --mfmode / --bdpi 600 --mag 1+0/600 --dpi 600 tctt1200
mktexpk --mfmode / --bdpi 600 --mag 1+0/600 --dpi 600 tctt1200
mktextfm pcrr7t
mktextfm pcrr7t
mktextfm pcrr7t
mktextfm pcrr7t
mktextfm pcrro7t
mktextfm nullfont
mktextfm pcrro7t
mktextfm nullfont
mktextfm pcrb7t
mktextfm pcrb7t
mktextfm pcrr8c
mktextfm pcrro7t
mktextfm nullfont
mktextfm pcrb7t
mktextfm pcrb7t
mktexpk --mfmode / --bdpi 600 --mag 1+0/600 --dpi 600 tctt1200
mktextfm pcrr7t
mktextfm pcrr7t
mktextfm pcrr7t
mktextfm pcrr7t
mktextfm pcrro7t
mktextfm nullfont
mktextfm pcrro7t
mktextfm nullfont
mktextfm pcrb7t
mktextfm pcrb7t
mktextfm pcrr8c
mktextfm pcrro7t
mktextfm nullfont
mktextfm pcrb7t
mktextfm pcrb7t
mktexpk --mfmode / --bdpi 600 --mag 1+0/600 --dpi 600 tctt1200
mktextfm pcrr7t
mktextfm pcrr7t
mktextfm pcrr7t
mktextfm pcrr7t
mktextfm pcrro7t
mktextfm nullfont
mktextfm pcrro7t
mktextfm nullfont
mktextfm pcrb7t
mktextfm pcrb7t
mktextfm pcrr8c
mktextfm pcrro7t
mktextfm nullfont
mktextfm pcrb7t
mktextfm pcrb7t
mktextfm pcrr7t
mktextfm pcrr7t
mktextfm pcrr7t
mktextfm pcrr7t
mktextfm pcrro7t
mktextfm nullfont
mktextfm pcrro7t
mktextfm nullfont
mktextfm pcrb7t
mktextfm pcrb7t
mktextfm pcrr8c
mktextfm pcrro7t
mktextfm nullfont
mktextfm pcrb7t
mktextfm pcrb7t
mktextfm pcrr7t
mktextfm pcrr7t
mktextfm pcrr7t
mktextfm pcrr7t
mktextfm pcrro7t
mktextfm nullfont
mktextfm pcrro7t
mktextfm nullfont
mktextfm pcrb7t
mktextfm pcrb7t
mktextfm pcrr8c
mktextfm pcrro7t
mktextfm nullfont
mktextfm pcrb7t
mktextfm pcrb7t
mktextfm pcrr8t
mktextfm pcrr8t
mktextfm pcrr8t
mktextfm pcrr8t
mktextfm pcrro8t
mktextfm nullfont
mktextfm pcrro8t
mktextfm nullfont
mktextfm pcrb8t
mktextfm pcrb8t
mktextfm pcrro8t
mktextfm nullfont
mktextfm pcrb8t
mktextfm pcrb8t
